 Container reproduction-evidence-reproduction-run-4505adf8e1f5 Creating 
 Container reproduction-evidence-reproduction-run-4505adf8e1f5 Created 
Wrote data/reproduction/triad_selector_audit.json
profile=production total=540 resumed=0 pending=540 workers=8
completed=1/540 run_id=beta_00p00_drag_0p01000_nu_0p000250_seed_029_n_064_dt_0p0050
completed=2/540 run_id=beta_00p00_drag_0p01000_nu_0p000250_seed_011_n_064_dt_0p0050
completed=3/540 run_id=beta_00p00_drag_0p01000_nu_0p000250_seed_047_n_064_dt_0p0050
completed=4/540 run_id=beta_00p00_drag_0p01000_nu_0p000250_seed_071_n_064_dt_0p0050
completed=5/540 run_id=beta_00p00_drag_0p01000_nu_0p000250_seed_089_n_064_dt_0p0050
completed=6/540 run_id=beta_00p00_drag_0p01000_nu_0p000250_seed_107_n_064_dt_0p0050
completed=7/540 run_id=beta_00p00_drag_0p01000_nu_0p000250_seed_131_n_064_dt_0p0050
completed=8/540 run_id=beta_00p00_drag_0p01000_nu_0p000250_seed_149_n_064_dt_0p0050
completed=9/540 run_id=beta_00p00_drag_0p01000_nu_0p000250_seed_167_n_064_dt_0p0050
completed=10/540 run_id=beta_00p00_drag_0p01000_nu_0p000500_seed_011_n_064_dt_0p0050
completed=11/540 run_id=beta_00p00_drag_0p01000_nu_0p000500_seed_029_n_064_dt_0p0050
completed=12/540 run_id=beta_00p00_drag_0p01000_nu_0p000250_seed_229_n_064_dt_0p0050
completed=13/540 run_id=beta_00p00_drag_0p01000_nu_0p000250_seed_191_n_064_dt_0p0050
completed=14/540 run_id=beta_00p00_drag_0p01000_nu_0p000250_seed_211_n_064_dt_0p0050
completed=15/540 run_id=beta_00p00_drag_0p01000_nu_0p000500_seed_071_n_064_dt_0p0050
completed=16/540 run_id=beta_00p00_drag_0p01000_nu_0p000500_seed_047_n_064_dt_0p0050
completed=17/540 run_id=beta_00p00_drag_0p01000_nu_0p000500_seed_089_n_064_dt_0p0050
completed=18/540 run_id=beta_00p00_drag_0p01000_nu_0p000500_seed_107_n_064_dt_0p0050
completed=19/540 run_id=beta_00p00_drag_0p01000_nu_0p000500_seed_149_n_064_dt_0p0050
completed=20/540 run_id=beta_00p00_drag_0p01000_nu_0p000500_seed_131_n_064_dt_0p0050
completed=21/540 run_id=beta_00p00_drag_0p01000_nu_0p000500_seed_191_n_064_dt_0p0050
completed=22/540 run_id=beta_00p00_drag_0p01000_nu_0p000500_seed_167_n_064_dt_0p0050
completed=23/540 run_id=beta_00p00_drag_0p01000_nu_0p000500_seed_211_n_064_dt_0p0050
completed=24/540 run_id=beta_00p00_drag_0p01000_nu_0p000500_seed_229_n_064_dt_0p0050
completed=25/540 run_id=beta_00p00_drag_0p01000_nu_0p001000_seed_011_n_064_dt_0p0050
completed=26/540 run_id=beta_00p00_drag_0p01000_nu_0p001000_seed_047_n_064_dt_0p0050
completed=27/540 run_id=beta_00p00_drag_0p01000_nu_0p001000_seed_029_n_064_dt_0p0050
completed=28/540 run_id=beta_00p00_drag_0p01000_nu_0p001000_seed_071_n_064_dt_0p0050
completed=29/540 run_id=beta_00p00_drag_0p01000_nu_0p001000_seed_089_n_064_dt_0p0050
completed=30/540 run_id=beta_00p00_drag_0p01000_nu_0p001000_seed_107_n_064_dt_0p0050
completed=31/540 run_id=beta_00p00_drag_0p01000_nu_0p001000_seed_131_n_064_dt_0p0050
completed=32/540 run_id=beta_00p00_drag_0p01000_nu_0p001000_seed_149_n_064_dt_0p0050
completed=33/540 run_id=beta_00p00_drag_0p01000_nu_0p001000_seed_167_n_064_dt_0p0050
completed=34/540 run_id=beta_00p00_drag_0p01000_nu_0p001000_seed_229_n_064_dt_0p0050
completed=35/540 run_id=beta_00p00_drag_0p01000_nu_0p001000_seed_191_n_064_dt_0p0050
completed=36/540 run_id=beta_00p00_drag_0p01000_nu_0p001000_seed_211_n_064_dt_0p0050
completed=37/540 run_id=beta_00p00_drag_0p02000_nu_0p000250_seed_011_n_064_dt_0p0050
completed=38/540 run_id=beta_00p00_drag_0p02000_nu_0p000250_seed_029_n_064_dt_0p0050
completed=39/540 run_id=beta_00p00_drag_0p02000_nu_0p000250_seed_047_n_064_dt_0p0050
completed=40/540 run_id=beta_00p00_drag_0p02000_nu_0p000250_seed_071_n_064_dt_0p0050
completed=41/540 run_id=beta_00p00_drag_0p02000_nu_0p000250_seed_089_n_064_dt_0p0050
completed=42/540 run_id=beta_00p00_drag_0p02000_nu_0p000250_seed_131_n_064_dt_0p0050
completed=43/540 run_id=beta_00p00_drag_0p02000_nu_0p000250_seed_107_n_064_dt_0p0050
completed=44/540 run_id=beta_00p00_drag_0p02000_nu_0p000250_seed_149_n_064_dt_0p0050
completed=45/540 run_id=beta_00p00_drag_0p02000_nu_0p000250_seed_191_n_064_dt_0p0050
completed=46/540 run_id=beta_00p00_drag_0p02000_nu_0p000250_seed_167_n_064_dt_0p0050
completed=47/540 run_id=beta_00p00_drag_0p02000_nu_0p000250_seed_211_n_064_dt_0p0050
completed=48/540 run_id=beta_00p00_drag_0p02000_nu_0p000250_seed_229_n_064_dt_0p0050
completed=49/540 run_id=beta_00p00_drag_0p02000_nu_0p000500_seed_011_n_064_dt_0p0050
completed=50/540 run_id=beta_00p00_drag_0p02000_nu_0p000500_seed_029_n_064_dt_0p0050
completed=51/540 run_id=beta_00p00_drag_0p02000_nu_0p000500_seed_047_n_064_dt_0p0050
completed=52/540 run_id=beta_00p00_drag_0p02000_nu_0p000500_seed_071_n_064_dt_0p0050
completed=53/540 run_id=beta_00p00_drag_0p02000_nu_0p000500_seed_089_n_064_dt_0p0050
completed=54/540 run_id=beta_00p00_drag_0p02000_nu_0p000500_seed_107_n_064_dt_0p0050
completed=55/540 run_id=beta_00p00_drag_0p02000_nu_0p000500_seed_131_n_064_dt_0p0050
completed=56/540 run_id=beta_00p00_drag_0p02000_nu_0p000500_seed_149_n_064_dt_0p0050
completed=57/540 run_id=beta_00p00_drag_0p02000_nu_0p000500_seed_167_n_064_dt_0p0050
completed=58/540 run_id=beta_00p00_drag_0p02000_nu_0p000500_seed_191_n_064_dt_0p0050
completed=59/540 run_id=beta_00p00_drag_0p02000_nu_0p000500_seed_211_n_064_dt_0p0050
completed=60/540 run_id=beta_00p00_drag_0p02000_nu_0p000500_seed_229_n_064_dt_0p0050
completed=61/540 run_id=beta_00p00_drag_0p02000_nu_0p001000_seed_011_n_064_dt_0p0050
completed=62/540 run_id=beta_00p00_drag_0p02000_nu_0p001000_seed_029_n_064_dt_0p0050
completed=63/540 run_id=beta_00p00_drag_0p02000_nu_0p001000_seed_047_n_064_dt_0p0050
completed=64/540 run_id=beta_00p00_drag_0p02000_nu_0p001000_seed_071_n_064_dt_0p0050
completed=65/540 run_id=beta_00p00_drag_0p02000_nu_0p001000_seed_089_n_064_dt_0p0050
completed=66/540 run_id=beta_00p00_drag_0p02000_nu_0p001000_seed_107_n_064_dt_0p0050
completed=67/540 run_id=beta_00p00_drag_0p02000_nu_0p001000_seed_131_n_064_dt_0p0050
completed=68/540 run_id=beta_00p00_drag_0p02000_nu_0p001000_seed_149_n_064_dt_0p0050
completed=69/540 run_id=beta_00p00_drag_0p02000_nu_0p001000_seed_191_n_064_dt_0p0050
completed=70/540 run_id=beta_00p00_drag_0p02000_nu_0p001000_seed_167_n_064_dt_0p0050
completed=71/540 run_id=beta_00p00_drag_0p02000_nu_0p001000_seed_211_n_064_dt_0p0050
completed=72/540 run_id=beta_00p00_drag_0p02000_nu_0p001000_seed_229_n_064_dt_0p0050
completed=73/540 run_id=beta_00p00_drag_0p05000_nu_0p000250_seed_011_n_064_dt_0p0050
completed=74/540 run_id=beta_00p00_drag_0p05000_nu_0p000250_seed_029_n_064_dt_0p0050
completed=75/540 run_id=beta_00p00_drag_0p05000_nu_0p000250_seed_047_n_064_dt_0p0050
completed=76/540 run_id=beta_00p00_drag_0p05000_nu_0p000250_seed_071_n_064_dt_0p0050
completed=77/540 run_id=beta_00p00_drag_0p05000_nu_0p000250_seed_089_n_064_dt_0p0050
completed=78/540 run_id=beta_00p00_drag_0p05000_nu_0p000250_seed_107_n_064_dt_0p0050
completed=79/540 run_id=beta_00p00_drag_0p05000_nu_0p000250_seed_131_n_064_dt_0p0050
completed=80/540 run_id=beta_00p00_drag_0p05000_nu_0p000250_seed_149_n_064_dt_0p0050
completed=81/540 run_id=beta_00p00_drag_0p05000_nu_0p000250_seed_167_n_064_dt_0p0050
completed=82/540 run_id=beta_00p00_drag_0p05000_nu_0p000250_seed_191_n_064_dt_0p0050
completed=83/540 run_id=beta_00p00_drag_0p05000_nu_0p000250_seed_211_n_064_dt_0p0050
completed=84/540 run_id=beta_00p00_drag_0p05000_nu_0p000250_seed_229_n_064_dt_0p0050
completed=85/540 run_id=beta_00p00_drag_0p05000_nu_0p000500_seed_011_n_064_dt_0p0050
completed=86/540 run_id=beta_00p00_drag_0p05000_nu_0p000500_seed_029_n_064_dt_0p0050
completed=87/540 run_id=beta_00p00_drag_0p05000_nu_0p000500_seed_047_n_064_dt_0p0050
completed=88/540 run_id=beta_00p00_drag_0p05000_nu_0p000500_seed_071_n_064_dt_0p0050
completed=89/540 run_id=beta_00p00_drag_0p05000_nu_0p000500_seed_089_n_064_dt_0p0050
completed=90/540 run_id=beta_00p00_drag_0p05000_nu_0p000500_seed_107_n_064_dt_0p0050
completed=91/540 run_id=beta_00p00_drag_0p05000_nu_0p000500_seed_131_n_064_dt_0p0050
completed=92/540 run_id=beta_00p00_drag_0p05000_nu_0p000500_seed_149_n_064_dt_0p0050
completed=93/540 run_id=beta_00p00_drag_0p05000_nu_0p000500_seed_167_n_064_dt_0p0050
completed=94/540 run_id=beta_00p00_drag_0p05000_nu_0p000500_seed_191_n_064_dt_0p0050
completed=95/540 run_id=beta_00p00_drag_0p05000_nu_0p000500_seed_211_n_064_dt_0p0050
completed=96/540 run_id=beta_00p00_drag_0p05000_nu_0p000500_seed_229_n_064_dt_0p0050
completed=97/540 run_id=beta_00p00_drag_0p05000_nu_0p001000_seed_011_n_064_dt_0p0050
completed=98/540 run_id=beta_00p00_drag_0p05000_nu_0p001000_seed_029_n_064_dt_0p0050
completed=99/540 run_id=beta_00p00_drag_0p05000_nu_0p001000_seed_047_n_064_dt_0p0050
completed=100/540 run_id=beta_00p00_drag_0p05000_nu_0p001000_seed_071_n_064_dt_0p0050
completed=101/540 run_id=beta_00p00_drag_0p05000_nu_0p001000_seed_089_n_064_dt_0p0050
completed=102/540 run_id=beta_00p00_drag_0p05000_nu_0p001000_seed_107_n_064_dt_0p0050
completed=103/540 run_id=beta_00p00_drag_0p05000_nu_0p001000_seed_131_n_064_dt_0p0050
completed=104/540 run_id=beta_00p00_drag_0p05000_nu_0p001000_seed_149_n_064_dt_0p0050
completed=105/540 run_id=beta_00p00_drag_0p05000_nu_0p001000_seed_167_n_064_dt_0p0050
completed=106/540 run_id=beta_00p00_drag_0p05000_nu_0p001000_seed_191_n_064_dt_0p0050
completed=107/540 run_id=beta_00p00_drag_0p05000_nu_0p001000_seed_211_n_064_dt_0p0050
completed=108/540 run_id=beta_00p00_drag_0p05000_nu_0p001000_seed_229_n_064_dt_0p0050
completed=109/540 run_id=beta_01p25_drag_0p01000_nu_0p000250_seed_011_n_064_dt_0p0050
completed=110/540 run_id=beta_01p25_drag_0p01000_nu_0p000250_seed_029_n_064_dt_0p0050
completed=111/540 run_id=beta_01p25_drag_0p01000_nu_0p000250_seed_047_n_064_dt_0p0050
completed=112/540 run_id=beta_01p25_drag_0p01000_nu_0p000250_seed_071_n_064_dt_0p0050
completed=113/540 run_id=beta_01p25_drag_0p01000_nu_0p000250_seed_089_n_064_dt_0p0050
completed=114/540 run_id=beta_01p25_drag_0p01000_nu_0p000250_seed_107_n_064_dt_0p0050
completed=115/540 run_id=beta_01p25_drag_0p01000_nu_0p000250_seed_131_n_064_dt_0p0050
completed=116/540 run_id=beta_01p25_drag_0p01000_nu_0p000250_seed_149_n_064_dt_0p0050
completed=117/540 run_id=beta_01p25_drag_0p01000_nu_0p000250_seed_167_n_064_dt_0p0050
completed=118/540 run_id=beta_01p25_drag_0p01000_nu_0p000250_seed_191_n_064_dt_0p0050
completed=119/540 run_id=beta_01p25_drag_0p01000_nu_0p000250_seed_211_n_064_dt_0p0050
completed=120/540 run_id=beta_01p25_drag_0p01000_nu_0p000250_seed_229_n_064_dt_0p0050
completed=121/540 run_id=beta_01p25_drag_0p01000_nu_0p000500_seed_011_n_064_dt_0p0050
completed=122/540 run_id=beta_01p25_drag_0p01000_nu_0p000500_seed_029_n_064_dt_0p0050
completed=123/540 run_id=beta_01p25_drag_0p01000_nu_0p000500_seed_047_n_064_dt_0p0050
completed=124/540 run_id=beta_01p25_drag_0p01000_nu_0p000500_seed_071_n_064_dt_0p0050
completed=125/540 run_id=beta_01p25_drag_0p01000_nu_0p000500_seed_089_n_064_dt_0p0050
completed=126/540 run_id=beta_01p25_drag_0p01000_nu_0p000500_seed_107_n_064_dt_0p0050
completed=127/540 run_id=beta_01p25_drag_0p01000_nu_0p000500_seed_131_n_064_dt_0p0050
completed=128/540 run_id=beta_01p25_drag_0p01000_nu_0p000500_seed_149_n_064_dt_0p0050
completed=129/540 run_id=beta_01p25_drag_0p01000_nu_0p000500_seed_167_n_064_dt_0p0050
completed=130/540 run_id=beta_01p25_drag_0p01000_nu_0p000500_seed_191_n_064_dt_0p0050
completed=131/540 run_id=beta_01p25_drag_0p01000_nu_0p000500_seed_211_n_064_dt_0p0050
completed=132/540 run_id=beta_01p25_drag_0p01000_nu_0p000500_seed_229_n_064_dt_0p0050
completed=133/540 run_id=beta_01p25_drag_0p01000_nu_0p001000_seed_011_n_064_dt_0p0050
completed=134/540 run_id=beta_01p25_drag_0p01000_nu_0p001000_seed_029_n_064_dt_0p0050
completed=135/540 run_id=beta_01p25_drag_0p01000_nu_0p001000_seed_047_n_064_dt_0p0050
completed=136/540 run_id=beta_01p25_drag_0p01000_nu_0p001000_seed_071_n_064_dt_0p0050
completed=137/540 run_id=beta_01p25_drag_0p01000_nu_0p001000_seed_089_n_064_dt_0p0050
completed=138/540 run_id=beta_01p25_drag_0p01000_nu_0p001000_seed_107_n_064_dt_0p0050
completed=139/540 run_id=beta_01p25_drag_0p01000_nu_0p001000_seed_131_n_064_dt_0p0050
completed=140/540 run_id=beta_01p25_drag_0p01000_nu_0p001000_seed_149_n_064_dt_0p0050
completed=141/540 run_id=beta_01p25_drag_0p01000_nu_0p001000_seed_167_n_064_dt_0p0050
completed=142/540 run_id=beta_01p25_drag_0p01000_nu_0p001000_seed_191_n_064_dt_0p0050
completed=143/540 run_id=beta_01p25_drag_0p01000_nu_0p001000_seed_211_n_064_dt_0p0050
completed=144/540 run_id=beta_01p25_drag_0p01000_nu_0p001000_seed_229_n_064_dt_0p0050
completed=145/540 run_id=beta_01p25_drag_0p02000_nu_0p000250_seed_011_n_064_dt_0p0050
completed=146/540 run_id=beta_01p25_drag_0p02000_nu_0p000250_seed_047_n_064_dt_0p0050
completed=147/540 run_id=beta_01p25_drag_0p02000_nu_0p000250_seed_029_n_064_dt_0p0050
completed=148/540 run_id=beta_01p25_drag_0p02000_nu_0p000250_seed_071_n_064_dt_0p0050
completed=149/540 run_id=beta_01p25_drag_0p02000_nu_0p000250_seed_089_n_064_dt_0p0050
completed=150/540 run_id=beta_01p25_drag_0p02000_nu_0p000250_seed_107_n_064_dt_0p0050
completed=151/540 run_id=beta_01p25_drag_0p02000_nu_0p000250_seed_131_n_064_dt_0p0050
completed=152/540 run_id=beta_01p25_drag_0p02000_nu_0p000250_seed_149_n_064_dt_0p0050
completed=153/540 run_id=beta_01p25_drag_0p02000_nu_0p000250_seed_167_n_064_dt_0p0050
completed=154/540 run_id=beta_01p25_drag_0p02000_nu_0p000250_seed_191_n_064_dt_0p0050
completed=155/540 run_id=beta_01p25_drag_0p02000_nu_0p000250_seed_211_n_064_dt_0p0050
completed=156/540 run_id=beta_01p25_drag_0p02000_nu_0p000250_seed_229_n_064_dt_0p0050
completed=157/540 run_id=beta_01p25_drag_0p02000_nu_0p000500_seed_011_n_064_dt_0p0050
completed=158/540 run_id=beta_01p25_drag_0p02000_nu_0p000500_seed_029_n_064_dt_0p0050
completed=159/540 run_id=beta_01p25_drag_0p02000_nu_0p000500_seed_047_n_064_dt_0p0050
completed=160/540 run_id=beta_01p25_drag_0p02000_nu_0p000500_seed_071_n_064_dt_0p0050
completed=161/540 run_id=beta_01p25_drag_0p02000_nu_0p000500_seed_089_n_064_dt_0p0050
completed=162/540 run_id=beta_01p25_drag_0p02000_nu_0p000500_seed_107_n_064_dt_0p0050
completed=163/540 run_id=beta_01p25_drag_0p02000_nu_0p000500_seed_131_n_064_dt_0p0050
completed=164/540 run_id=beta_01p25_drag_0p02000_nu_0p000500_seed_149_n_064_dt_0p0050
completed=165/540 run_id=beta_01p25_drag_0p02000_nu_0p000500_seed_167_n_064_dt_0p0050
completed=166/540 run_id=beta_01p25_drag_0p02000_nu_0p000500_seed_191_n_064_dt_0p0050
completed=167/540 run_id=beta_01p25_drag_0p02000_nu_0p000500_seed_211_n_064_dt_0p0050
completed=168/540 run_id=beta_01p25_drag_0p02000_nu_0p000500_seed_229_n_064_dt_0p0050
completed=169/540 run_id=beta_01p25_drag_0p02000_nu_0p001000_seed_011_n_064_dt_0p0050
completed=170/540 run_id=beta_01p25_drag_0p02000_nu_0p001000_seed_047_n_064_dt_0p0050
completed=171/540 run_id=beta_01p25_drag_0p02000_nu_0p001000_seed_029_n_064_dt_0p0050
completed=172/540 run_id=beta_01p25_drag_0p02000_nu_0p001000_seed_071_n_064_dt_0p0050
completed=173/540 run_id=beta_01p25_drag_0p02000_nu_0p001000_seed_089_n_064_dt_0p0050
completed=174/540 run_id=beta_01p25_drag_0p02000_nu_0p001000_seed_107_n_064_dt_0p0050
completed=175/540 run_id=beta_01p25_drag_0p02000_nu_0p001000_seed_131_n_064_dt_0p0050
completed=176/540 run_id=beta_01p25_drag_0p02000_nu_0p001000_seed_149_n_064_dt_0p0050
completed=177/540 run_id=beta_01p25_drag_0p02000_nu_0p001000_seed_167_n_064_dt_0p0050
completed=178/540 run_id=beta_01p25_drag_0p02000_nu_0p001000_seed_191_n_064_dt_0p0050
completed=179/540 run_id=beta_01p25_drag_0p02000_nu_0p001000_seed_211_n_064_dt_0p0050
completed=180/540 run_id=beta_01p25_drag_0p05000_nu_0p000250_seed_011_n_064_dt_0p0050
completed=181/540 run_id=beta_01p25_drag_0p02000_nu_0p001000_seed_229_n_064_dt_0p0050
completed=182/540 run_id=beta_01p25_drag_0p05000_nu_0p000250_seed_029_n_064_dt_0p0050
completed=183/540 run_id=beta_01p25_drag_0p05000_nu_0p000250_seed_047_n_064_dt_0p0050
completed=184/540 run_id=beta_01p25_drag_0p05000_nu_0p000250_seed_071_n_064_dt_0p0050
completed=185/540 run_id=beta_01p25_drag_0p05000_nu_0p000250_seed_089_n_064_dt_0p0050
completed=186/540 run_id=beta_01p25_drag_0p05000_nu_0p000250_seed_107_n_064_dt_0p0050
completed=187/540 run_id=beta_01p25_drag_0p05000_nu_0p000250_seed_131_n_064_dt_0p0050
completed=188/540 run_id=beta_01p25_drag_0p05000_nu_0p000250_seed_167_n_064_dt_0p0050
completed=189/540 run_id=beta_01p25_drag_0p05000_nu_0p000250_seed_149_n_064_dt_0p0050
completed=190/540 run_id=beta_01p25_drag_0p05000_nu_0p000250_seed_191_n_064_dt_0p0050
completed=191/540 run_id=beta_01p25_drag_0p05000_nu_0p000250_seed_211_n_064_dt_0p0050
completed=192/540 run_id=beta_01p25_drag_0p05000_nu_0p000250_seed_229_n_064_dt_0p0050
completed=193/540 run_id=beta_01p25_drag_0p05000_nu_0p000500_seed_011_n_064_dt_0p0050
completed=194/540 run_id=beta_01p25_drag_0p05000_nu_0p000500_seed_029_n_064_dt_0p0050
completed=195/540 run_id=beta_01p25_drag_0p05000_nu_0p000500_seed_047_n_064_dt_0p0050
completed=196/540 run_id=beta_01p25_drag_0p05000_nu_0p000500_seed_071_n_064_dt_0p0050
completed=197/540 run_id=beta_01p25_drag_0p05000_nu_0p000500_seed_089_n_064_dt_0p0050
completed=198/540 run_id=beta_01p25_drag_0p05000_nu_0p000500_seed_107_n_064_dt_0p0050
completed=199/540 run_id=beta_01p25_drag_0p05000_nu_0p000500_seed_131_n_064_dt_0p0050
completed=200/540 run_id=beta_01p25_drag_0p05000_nu_0p000500_seed_149_n_064_dt_0p0050
completed=201/540 run_id=beta_01p25_drag_0p05000_nu_0p000500_seed_167_n_064_dt_0p0050
completed=202/540 run_id=beta_01p25_drag_0p05000_nu_0p000500_seed_191_n_064_dt_0p0050
completed=203/540 run_id=beta_01p25_drag_0p05000_nu_0p000500_seed_211_n_064_dt_0p0050
completed=204/540 run_id=beta_01p25_drag_0p05000_nu_0p000500_seed_229_n_064_dt_0p0050
completed=205/540 run_id=beta_01p25_drag_0p05000_nu_0p001000_seed_011_n_064_dt_0p0050
completed=206/540 run_id=beta_01p25_drag_0p05000_nu_0p001000_seed_029_n_064_dt_0p0050
completed=207/540 run_id=beta_01p25_drag_0p05000_nu_0p001000_seed_047_n_064_dt_0p0050
completed=208/540 run_id=beta_01p25_drag_0p05000_nu_0p001000_seed_071_n_064_dt_0p0050
completed=209/540 run_id=beta_01p25_drag_0p05000_nu_0p001000_seed_089_n_064_dt_0p0050
completed=210/540 run_id=beta_01p25_drag_0p05000_nu_0p001000_seed_107_n_064_dt_0p0050
completed=211/540 run_id=beta_01p25_drag_0p05000_nu_0p001000_seed_131_n_064_dt_0p0050
completed=212/540 run_id=beta_01p25_drag_0p05000_nu_0p001000_seed_149_n_064_dt_0p0050
completed=213/540 run_id=beta_01p25_drag_0p05000_nu_0p001000_seed_167_n_064_dt_0p0050
completed=214/540 run_id=beta_01p25_drag_0p05000_nu_0p001000_seed_191_n_064_dt_0p0050
completed=215/540 run_id=beta_01p25_drag_0p05000_nu_0p001000_seed_211_n_064_dt_0p0050
completed=216/540 run_id=beta_01p25_drag_0p05000_nu_0p001000_seed_229_n_064_dt_0p0050
completed=217/540 run_id=beta_02p50_drag_0p01000_nu_0p000250_seed_011_n_064_dt_0p0050
completed=218/540 run_id=beta_02p50_drag_0p01000_nu_0p000250_seed_029_n_064_dt_0p0050
completed=219/540 run_id=beta_02p50_drag_0p01000_nu_0p000250_seed_047_n_064_dt_0p0050
completed=220/540 run_id=beta_02p50_drag_0p01000_nu_0p000250_seed_071_n_064_dt_0p0050
completed=221/540 run_id=beta_02p50_drag_0p01000_nu_0p000250_seed_089_n_064_dt_0p0050
completed=222/540 run_id=beta_02p50_drag_0p01000_nu_0p000250_seed_107_n_064_dt_0p0050
completed=223/540 run_id=beta_02p50_drag_0p01000_nu_0p000250_seed_131_n_064_dt_0p0050
completed=224/540 run_id=beta_02p50_drag_0p01000_nu_0p000250_seed_149_n_064_dt_0p0050
completed=225/540 run_id=beta_02p50_drag_0p01000_nu_0p000250_seed_167_n_064_dt_0p0050
completed=226/540 run_id=beta_02p50_drag_0p01000_nu_0p000250_seed_191_n_064_dt_0p0050
completed=227/540 run_id=beta_02p50_drag_0p01000_nu_0p000250_seed_211_n_064_dt_0p0050
completed=228/540 run_id=beta_02p50_drag_0p01000_nu_0p000250_seed_229_n_064_dt_0p0050
completed=229/540 run_id=beta_02p50_drag_0p01000_nu_0p000500_seed_011_n_064_dt_0p0050
completed=230/540 run_id=beta_02p50_drag_0p01000_nu_0p000500_seed_029_n_064_dt_0p0050
completed=231/540 run_id=beta_02p50_drag_0p01000_nu_0p000500_seed_047_n_064_dt_0p0050
completed=232/540 run_id=beta_02p50_drag_0p01000_nu_0p000500_seed_071_n_064_dt_0p0050
completed=233/540 run_id=beta_02p50_drag_0p01000_nu_0p000500_seed_089_n_064_dt_0p0050
completed=234/540 run_id=beta_02p50_drag_0p01000_nu_0p000500_seed_107_n_064_dt_0p0050
completed=235/540 run_id=beta_02p50_drag_0p01000_nu_0p000500_seed_131_n_064_dt_0p0050
completed=236/540 run_id=beta_02p50_drag_0p01000_nu_0p000500_seed_149_n_064_dt_0p0050
completed=237/540 run_id=beta_02p50_drag_0p01000_nu_0p000500_seed_167_n_064_dt_0p0050
completed=238/540 run_id=beta_02p50_drag_0p01000_nu_0p000500_seed_191_n_064_dt_0p0050
completed=239/540 run_id=beta_02p50_drag_0p01000_nu_0p000500_seed_211_n_064_dt_0p0050
completed=240/540 run_id=beta_02p50_drag_0p01000_nu_0p000500_seed_229_n_064_dt_0p0050
completed=241/540 run_id=beta_02p50_drag_0p01000_nu_0p001000_seed_011_n_064_dt_0p0050
completed=242/540 run_id=beta_02p50_drag_0p01000_nu_0p001000_seed_029_n_064_dt_0p0050
completed=243/540 run_id=beta_02p50_drag_0p01000_nu_0p001000_seed_047_n_064_dt_0p0050
completed=244/540 run_id=beta_02p50_drag_0p01000_nu_0p001000_seed_071_n_064_dt_0p0050
completed=245/540 run_id=beta_02p50_drag_0p01000_nu_0p001000_seed_089_n_064_dt_0p0050
completed=246/540 run_id=beta_02p50_drag_0p01000_nu_0p001000_seed_107_n_064_dt_0p0050
completed=247/540 run_id=beta_02p50_drag_0p01000_nu_0p001000_seed_131_n_064_dt_0p0050
completed=248/540 run_id=beta_02p50_drag_0p01000_nu_0p001000_seed_149_n_064_dt_0p0050
completed=249/540 run_id=beta_02p50_drag_0p01000_nu_0p001000_seed_167_n_064_dt_0p0050
completed=250/540 run_id=beta_02p50_drag_0p01000_nu_0p001000_seed_191_n_064_dt_0p0050
completed=251/540 run_id=beta_02p50_drag_0p01000_nu_0p001000_seed_211_n_064_dt_0p0050
completed=252/540 run_id=beta_02p50_drag_0p01000_nu_0p001000_seed_229_n_064_dt_0p0050
completed=253/540 run_id=beta_02p50_drag_0p02000_nu_0p000250_seed_011_n_064_dt_0p0050
completed=254/540 run_id=beta_02p50_drag_0p02000_nu_0p000250_seed_029_n_064_dt_0p0050
completed=255/540 run_id=beta_02p50_drag_0p02000_nu_0p000250_seed_047_n_064_dt_0p0050
completed=256/540 run_id=beta_02p50_drag_0p02000_nu_0p000250_seed_071_n_064_dt_0p0050
completed=257/540 run_id=beta_02p50_drag_0p02000_nu_0p000250_seed_089_n_064_dt_0p0050
completed=258/540 run_id=beta_02p50_drag_0p02000_nu_0p000250_seed_107_n_064_dt_0p0050
completed=259/540 run_id=beta_02p50_drag_0p02000_nu_0p000250_seed_131_n_064_dt_0p0050
completed=260/540 run_id=beta_02p50_drag_0p02000_nu_0p000250_seed_149_n_064_dt_0p0050
completed=261/540 run_id=beta_02p50_drag_0p02000_nu_0p000250_seed_167_n_064_dt_0p0050
completed=262/540 run_id=beta_02p50_drag_0p02000_nu_0p000250_seed_191_n_064_dt_0p0050
completed=263/540 run_id=beta_02p50_drag_0p02000_nu_0p000250_seed_211_n_064_dt_0p0050
completed=264/540 run_id=beta_02p50_drag_0p02000_nu_0p000500_seed_011_n_064_dt_0p0050
completed=265/540 run_id=beta_02p50_drag_0p02000_nu_0p000250_seed_229_n_064_dt_0p0050
completed=266/540 run_id=beta_02p50_drag_0p02000_nu_0p000500_seed_029_n_064_dt_0p0050
completed=267/540 run_id=beta_02p50_drag_0p02000_nu_0p000500_seed_047_n_064_dt_0p0050
completed=268/540 run_id=beta_02p50_drag_0p02000_nu_0p000500_seed_071_n_064_dt_0p0050
completed=269/540 run_id=beta_02p50_drag_0p02000_nu_0p000500_seed_089_n_064_dt_0p0050
completed=270/540 run_id=beta_02p50_drag_0p02000_nu_0p000500_seed_107_n_064_dt_0p0050
completed=271/540 run_id=beta_02p50_drag_0p02000_nu_0p000500_seed_131_n_064_dt_0p0050
completed=272/540 run_id=beta_02p50_drag_0p02000_nu_0p000500_seed_149_n_064_dt_0p0050
completed=273/540 run_id=beta_02p50_drag_0p02000_nu_0p000500_seed_167_n_064_dt_0p0050
completed=274/540 run_id=beta_02p50_drag_0p02000_nu_0p000500_seed_191_n_064_dt_0p0050
completed=275/540 run_id=beta_02p50_drag_0p02000_nu_0p000500_seed_211_n_064_dt_0p0050
completed=276/540 run_id=beta_02p50_drag_0p02000_nu_0p000500_seed_229_n_064_dt_0p0050
completed=277/540 run_id=beta_02p50_drag_0p02000_nu_0p001000_seed_011_n_064_dt_0p0050
completed=278/540 run_id=beta_02p50_drag_0p02000_nu_0p001000_seed_029_n_064_dt_0p0050
completed=279/540 run_id=beta_02p50_drag_0p02000_nu_0p001000_seed_047_n_064_dt_0p0050
completed=280/540 run_id=beta_02p50_drag_0p02000_nu_0p001000_seed_071_n_064_dt_0p0050
completed=281/540 run_id=beta_02p50_drag_0p02000_nu_0p001000_seed_089_n_064_dt_0p0050
completed=282/540 run_id=beta_02p50_drag_0p02000_nu_0p001000_seed_107_n_064_dt_0p0050
completed=283/540 run_id=beta_02p50_drag_0p02000_nu_0p001000_seed_149_n_064_dt_0p0050
completed=284/540 run_id=beta_02p50_drag_0p02000_nu_0p001000_seed_131_n_064_dt_0p0050
completed=285/540 run_id=beta_02p50_drag_0p02000_nu_0p001000_seed_167_n_064_dt_0p0050
completed=286/540 run_id=beta_02p50_drag_0p02000_nu_0p001000_seed_191_n_064_dt_0p0050
completed=287/540 run_id=beta_02p50_drag_0p02000_nu_0p001000_seed_211_n_064_dt_0p0050
completed=288/540 run_id=beta_02p50_drag_0p02000_nu_0p001000_seed_229_n_064_dt_0p0050
completed=289/540 run_id=beta_02p50_drag_0p05000_nu_0p000250_seed_011_n_064_dt_0p0050
completed=290/540 run_id=beta_02p50_drag_0p05000_nu_0p000250_seed_029_n_064_dt_0p0050
completed=291/540 run_id=beta_02p50_drag_0p05000_nu_0p000250_seed_047_n_064_dt_0p0050
completed=292/540 run_id=beta_02p50_drag_0p05000_nu_0p000250_seed_071_n_064_dt_0p0050
completed=293/540 run_id=beta_02p50_drag_0p05000_nu_0p000250_seed_089_n_064_dt_0p0050
completed=294/540 run_id=beta_02p50_drag_0p05000_nu_0p000250_seed_107_n_064_dt_0p0050
completed=295/540 run_id=beta_02p50_drag_0p05000_nu_0p000250_seed_131_n_064_dt_0p0050
completed=296/540 run_id=beta_02p50_drag_0p05000_nu_0p000250_seed_149_n_064_dt_0p0050
completed=297/540 run_id=beta_02p50_drag_0p05000_nu_0p000250_seed_191_n_064_dt_0p0050
completed=298/540 run_id=beta_02p50_drag_0p05000_nu_0p000250_seed_167_n_064_dt_0p0050
completed=299/540 run_id=beta_02p50_drag_0p05000_nu_0p000250_seed_211_n_064_dt_0p0050
completed=300/540 run_id=beta_02p50_drag_0p05000_nu_0p000250_seed_229_n_064_dt_0p0050
completed=301/540 run_id=beta_02p50_drag_0p05000_nu_0p000500_seed_011_n_064_dt_0p0050
completed=302/540 run_id=beta_02p50_drag_0p05000_nu_0p000500_seed_029_n_064_dt_0p0050
completed=303/540 run_id=beta_02p50_drag_0p05000_nu_0p000500_seed_047_n_064_dt_0p0050
completed=304/540 run_id=beta_02p50_drag_0p05000_nu_0p000500_seed_071_n_064_dt_0p0050
completed=305/540 run_id=beta_02p50_drag_0p05000_nu_0p000500_seed_089_n_064_dt_0p0050
completed=306/540 run_id=beta_02p50_drag_0p05000_nu_0p000500_seed_107_n_064_dt_0p0050
completed=307/540 run_id=beta_02p50_drag_0p05000_nu_0p000500_seed_131_n_064_dt_0p0050
completed=308/540 run_id=beta_02p50_drag_0p05000_nu_0p000500_seed_149_n_064_dt_0p0050
completed=309/540 run_id=beta_02p50_drag_0p05000_nu_0p000500_seed_167_n_064_dt_0p0050
completed=310/540 run_id=beta_02p50_drag_0p05000_nu_0p000500_seed_191_n_064_dt_0p0050
completed=311/540 run_id=beta_02p50_drag_0p05000_nu_0p000500_seed_211_n_064_dt_0p0050
completed=312/540 run_id=beta_02p50_drag_0p05000_nu_0p000500_seed_229_n_064_dt_0p0050
completed=313/540 run_id=beta_02p50_drag_0p05000_nu_0p001000_seed_011_n_064_dt_0p0050
completed=314/540 run_id=beta_02p50_drag_0p05000_nu_0p001000_seed_029_n_064_dt_0p0050
completed=315/540 run_id=beta_02p50_drag_0p05000_nu_0p001000_seed_047_n_064_dt_0p0050
completed=316/540 run_id=beta_02p50_drag_0p05000_nu_0p001000_seed_071_n_064_dt_0p0050
completed=317/540 run_id=beta_02p50_drag_0p05000_nu_0p001000_seed_107_n_064_dt_0p0050
completed=318/540 run_id=beta_02p50_drag_0p05000_nu_0p001000_seed_089_n_064_dt_0p0050
completed=319/540 run_id=beta_02p50_drag_0p05000_nu_0p001000_seed_131_n_064_dt_0p0050
completed=320/540 run_id=beta_02p50_drag_0p05000_nu_0p001000_seed_149_n_064_dt_0p0050
completed=321/540 run_id=beta_02p50_drag_0p05000_nu_0p001000_seed_167_n_064_dt_0p0050
completed=322/540 run_id=beta_02p50_drag_0p05000_nu_0p001000_seed_211_n_064_dt_0p0050
completed=323/540 run_id=beta_02p50_drag_0p05000_nu_0p001000_seed_191_n_064_dt_0p0050
completed=324/540 run_id=beta_02p50_drag_0p05000_nu_0p001000_seed_229_n_064_dt_0p0050
completed=325/540 run_id=beta_05p00_drag_0p01000_nu_0p000250_seed_029_n_064_dt_0p0050
completed=326/540 run_id=beta_05p00_drag_0p01000_nu_0p000250_seed_011_n_064_dt_0p0050
completed=327/540 run_id=beta_05p00_drag_0p01000_nu_0p000250_seed_047_n_064_dt_0p0050
completed=328/540 run_id=beta_05p00_drag_0p01000_nu_0p000250_seed_071_n_064_dt_0p0050
completed=329/540 run_id=beta_05p00_drag_0p01000_nu_0p000250_seed_089_n_064_dt_0p0050
completed=330/540 run_id=beta_05p00_drag_0p01000_nu_0p000250_seed_107_n_064_dt_0p0050
completed=331/540 run_id=beta_05p00_drag_0p01000_nu_0p000250_seed_149_n_064_dt_0p0050
completed=332/540 run_id=beta_05p00_drag_0p01000_nu_0p000250_seed_131_n_064_dt_0p0050
completed=333/540 run_id=beta_05p00_drag_0p01000_nu_0p000250_seed_167_n_064_dt_0p0050
completed=334/540 run_id=beta_05p00_drag_0p01000_nu_0p000250_seed_191_n_064_dt_0p0050
completed=335/540 run_id=beta_05p00_drag_0p01000_nu_0p000250_seed_229_n_064_dt_0p0050
completed=336/540 run_id=beta_05p00_drag_0p01000_nu_0p000250_seed_211_n_064_dt_0p0050
completed=337/540 run_id=beta_05p00_drag_0p01000_nu_0p000500_seed_011_n_064_dt_0p0050
completed=338/540 run_id=beta_05p00_drag_0p01000_nu_0p000500_seed_029_n_064_dt_0p0050
completed=339/540 run_id=beta_05p00_drag_0p01000_nu_0p000500_seed_047_n_064_dt_0p0050
completed=340/540 run_id=beta_05p00_drag_0p01000_nu_0p000500_seed_071_n_064_dt_0p0050
completed=341/540 run_id=beta_05p00_drag_0p01000_nu_0p000500_seed_089_n_064_dt_0p0050
completed=342/540 run_id=beta_05p00_drag_0p01000_nu_0p000500_seed_107_n_064_dt_0p0050
completed=343/540 run_id=beta_05p00_drag_0p01000_nu_0p000500_seed_131_n_064_dt_0p0050
completed=344/540 run_id=beta_05p00_drag_0p01000_nu_0p000500_seed_149_n_064_dt_0p0050
completed=345/540 run_id=beta_05p00_drag_0p01000_nu_0p000500_seed_167_n_064_dt_0p0050
completed=346/540 run_id=beta_05p00_drag_0p01000_nu_0p000500_seed_191_n_064_dt_0p0050
completed=347/540 run_id=beta_05p00_drag_0p01000_nu_0p000500_seed_211_n_064_dt_0p0050
completed=348/540 run_id=beta_05p00_drag_0p01000_nu_0p001000_seed_011_n_064_dt_0p0050
completed=349/540 run_id=beta_05p00_drag_0p01000_nu_0p000500_seed_229_n_064_dt_0p0050
completed=350/540 run_id=beta_05p00_drag_0p01000_nu_0p001000_seed_029_n_064_dt_0p0050
completed=351/540 run_id=beta_05p00_drag_0p01000_nu_0p001000_seed_047_n_064_dt_0p0050
completed=352/540 run_id=beta_05p00_drag_0p01000_nu_0p001000_seed_071_n_064_dt_0p0050
completed=353/540 run_id=beta_05p00_drag_0p01000_nu_0p001000_seed_089_n_064_dt_0p0050
completed=354/540 run_id=beta_05p00_drag_0p01000_nu_0p001000_seed_107_n_064_dt_0p0050
completed=355/540 run_id=beta_05p00_drag_0p01000_nu_0p001000_seed_131_n_064_dt_0p0050
completed=356/540 run_id=beta_05p00_drag_0p01000_nu_0p001000_seed_149_n_064_dt_0p0050
completed=357/540 run_id=beta_05p00_drag_0p01000_nu_0p001000_seed_191_n_064_dt_0p0050
completed=358/540 run_id=beta_05p00_drag_0p01000_nu_0p001000_seed_167_n_064_dt_0p0050
completed=359/540 run_id=beta_05p00_drag_0p01000_nu_0p001000_seed_211_n_064_dt_0p0050
completed=360/540 run_id=beta_05p00_drag_0p01000_nu_0p001000_seed_229_n_064_dt_0p0050
completed=361/540 run_id=beta_05p00_drag_0p02000_nu_0p000250_seed_011_n_064_dt_0p0050
completed=362/540 run_id=beta_05p00_drag_0p02000_nu_0p000250_seed_029_n_064_dt_0p0050
completed=363/540 run_id=beta_05p00_drag_0p02000_nu_0p000250_seed_047_n_064_dt_0p0050
completed=364/540 run_id=beta_05p00_drag_0p02000_nu_0p000250_seed_071_n_064_dt_0p0050
completed=365/540 run_id=beta_05p00_drag_0p02000_nu_0p000250_seed_089_n_064_dt_0p0050
completed=366/540 run_id=beta_05p00_drag_0p02000_nu_0p000250_seed_107_n_064_dt_0p0050
completed=367/540 run_id=beta_05p00_drag_0p02000_nu_0p000250_seed_131_n_064_dt_0p0050
completed=368/540 run_id=beta_05p00_drag_0p02000_nu_0p000250_seed_149_n_064_dt_0p0050
completed=369/540 run_id=beta_05p00_drag_0p02000_nu_0p000250_seed_167_n_064_dt_0p0050
completed=370/540 run_id=beta_05p00_drag_0p02000_nu_0p000250_seed_191_n_064_dt_0p0050
completed=371/540 run_id=beta_05p00_drag_0p02000_nu_0p000250_seed_211_n_064_dt_0p0050
completed=372/540 run_id=beta_05p00_drag_0p02000_nu_0p000250_seed_229_n_064_dt_0p0050
completed=373/540 run_id=beta_05p00_drag_0p02000_nu_0p000500_seed_011_n_064_dt_0p0050
completed=374/540 run_id=beta_05p00_drag_0p02000_nu_0p000500_seed_029_n_064_dt_0p0050
completed=375/540 run_id=beta_05p00_drag_0p02000_nu_0p000500_seed_047_n_064_dt_0p0050
completed=376/540 run_id=beta_05p00_drag_0p02000_nu_0p000500_seed_071_n_064_dt_0p0050
completed=377/540 run_id=beta_05p00_drag_0p02000_nu_0p000500_seed_107_n_064_dt_0p0050
completed=378/540 run_id=beta_05p00_drag_0p02000_nu_0p000500_seed_089_n_064_dt_0p0050
completed=379/540 run_id=beta_05p00_drag_0p02000_nu_0p000500_seed_131_n_064_dt_0p0050
completed=380/540 run_id=beta_05p00_drag_0p02000_nu_0p000500_seed_149_n_064_dt_0p0050
completed=381/540 run_id=beta_05p00_drag_0p02000_nu_0p000500_seed_167_n_064_dt_0p0050
completed=382/540 run_id=beta_05p00_drag_0p02000_nu_0p000500_seed_191_n_064_dt_0p0050
completed=383/540 run_id=beta_05p00_drag_0p02000_nu_0p000500_seed_211_n_064_dt_0p0050
completed=384/540 run_id=beta_05p00_drag_0p02000_nu_0p000500_seed_229_n_064_dt_0p0050
completed=385/540 run_id=beta_05p00_drag_0p02000_nu_0p001000_seed_011_n_064_dt_0p0050
completed=386/540 run_id=beta_05p00_drag_0p02000_nu_0p001000_seed_029_n_064_dt_0p0050
completed=387/540 run_id=beta_05p00_drag_0p02000_nu_0p001000_seed_047_n_064_dt_0p0050
completed=388/540 run_id=beta_05p00_drag_0p02000_nu_0p001000_seed_071_n_064_dt_0p0050
completed=389/540 run_id=beta_05p00_drag_0p02000_nu_0p001000_seed_089_n_064_dt_0p0050
completed=390/540 run_id=beta_05p00_drag_0p02000_nu_0p001000_seed_107_n_064_dt_0p0050
completed=391/540 run_id=beta_05p00_drag_0p02000_nu_0p001000_seed_131_n_064_dt_0p0050
completed=392/540 run_id=beta_05p00_drag_0p02000_nu_0p001000_seed_167_n_064_dt_0p0050
completed=393/540 run_id=beta_05p00_drag_0p02000_nu_0p001000_seed_149_n_064_dt_0p0050
completed=394/540 run_id=beta_05p00_drag_0p02000_nu_0p001000_seed_191_n_064_dt_0p0050
completed=395/540 run_id=beta_05p00_drag_0p02000_nu_0p001000_seed_211_n_064_dt_0p0050
completed=396/540 run_id=beta_05p00_drag_0p02000_nu_0p001000_seed_229_n_064_dt_0p0050
completed=397/540 run_id=beta_05p00_drag_0p05000_nu_0p000250_seed_011_n_064_dt_0p0050
completed=398/540 run_id=beta_05p00_drag_0p05000_nu_0p000250_seed_029_n_064_dt_0p0050
completed=399/540 run_id=beta_05p00_drag_0p05000_nu_0p000250_seed_047_n_064_dt_0p0050
completed=400/540 run_id=beta_05p00_drag_0p05000_nu_0p000250_seed_071_n_064_dt_0p0050
completed=401/540 run_id=beta_05p00_drag_0p05000_nu_0p000250_seed_107_n_064_dt_0p0050
completed=402/540 run_id=beta_05p00_drag_0p05000_nu_0p000250_seed_089_n_064_dt_0p0050
completed=403/540 run_id=beta_05p00_drag_0p05000_nu_0p000250_seed_131_n_064_dt_0p0050
completed=404/540 run_id=beta_05p00_drag_0p05000_nu_0p000250_seed_149_n_064_dt_0p0050
completed=405/540 run_id=beta_05p00_drag_0p05000_nu_0p000250_seed_167_n_064_dt_0p0050
completed=406/540 run_id=beta_05p00_drag_0p05000_nu_0p000250_seed_191_n_064_dt_0p0050
completed=407/540 run_id=beta_05p00_drag_0p05000_nu_0p000250_seed_211_n_064_dt_0p0050
completed=408/540 run_id=beta_05p00_drag_0p05000_nu_0p000250_seed_229_n_064_dt_0p0050
completed=409/540 run_id=beta_05p00_drag_0p05000_nu_0p000500_seed_011_n_064_dt_0p0050
completed=410/540 run_id=beta_05p00_drag_0p05000_nu_0p000500_seed_029_n_064_dt_0p0050
completed=411/540 run_id=beta_05p00_drag_0p05000_nu_0p000500_seed_047_n_064_dt_0p0050
completed=412/540 run_id=beta_05p00_drag_0p05000_nu_0p000500_seed_071_n_064_dt_0p0050
completed=413/540 run_id=beta_05p00_drag_0p05000_nu_0p000500_seed_089_n_064_dt_0p0050
completed=414/540 run_id=beta_05p00_drag_0p05000_nu_0p000500_seed_107_n_064_dt_0p0050
completed=415/540 run_id=beta_05p00_drag_0p05000_nu_0p000500_seed_131_n_064_dt_0p0050
completed=416/540 run_id=beta_05p00_drag_0p05000_nu_0p000500_seed_149_n_064_dt_0p0050
completed=417/540 run_id=beta_05p00_drag_0p05000_nu_0p000500_seed_167_n_064_dt_0p0050
completed=418/540 run_id=beta_05p00_drag_0p05000_nu_0p000500_seed_191_n_064_dt_0p0050
completed=419/540 run_id=beta_05p00_drag_0p05000_nu_0p000500_seed_211_n_064_dt_0p0050
completed=420/540 run_id=beta_05p00_drag_0p05000_nu_0p000500_seed_229_n_064_dt_0p0050
completed=421/540 run_id=beta_05p00_drag_0p05000_nu_0p001000_seed_011_n_064_dt_0p0050
completed=422/540 run_id=beta_05p00_drag_0p05000_nu_0p001000_seed_029_n_064_dt_0p0050
completed=423/540 run_id=beta_05p00_drag_0p05000_nu_0p001000_seed_047_n_064_dt_0p0050
completed=424/540 run_id=beta_05p00_drag_0p05000_nu_0p001000_seed_071_n_064_dt_0p0050
completed=425/540 run_id=beta_05p00_drag_0p05000_nu_0p001000_seed_089_n_064_dt_0p0050
completed=426/540 run_id=beta_05p00_drag_0p05000_nu_0p001000_seed_107_n_064_dt_0p0050
completed=427/540 run_id=beta_05p00_drag_0p05000_nu_0p001000_seed_131_n_064_dt_0p0050
completed=428/540 run_id=beta_05p00_drag_0p05000_nu_0p001000_seed_149_n_064_dt_0p0050
completed=429/540 run_id=beta_05p00_drag_0p05000_nu_0p001000_seed_167_n_064_dt_0p0050
completed=430/540 run_id=beta_05p00_drag_0p05000_nu_0p001000_seed_191_n_064_dt_0p0050
completed=431/540 run_id=beta_05p00_drag_0p05000_nu_0p001000_seed_211_n_064_dt_0p0050
completed=432/540 run_id=beta_05p00_drag_0p05000_nu_0p001000_seed_229_n_064_dt_0p0050
completed=433/540 run_id=beta_10p00_drag_0p01000_nu_0p000250_seed_011_n_064_dt_0p0050
completed=434/540 run_id=beta_10p00_drag_0p01000_nu_0p000250_seed_029_n_064_dt_0p0050
completed=435/540 run_id=beta_10p00_drag_0p01000_nu_0p000250_seed_047_n_064_dt_0p0050
completed=436/540 run_id=beta_10p00_drag_0p01000_nu_0p000250_seed_071_n_064_dt_0p0050
completed=437/540 run_id=beta_10p00_drag_0p01000_nu_0p000250_seed_089_n_064_dt_0p0050
completed=438/540 run_id=beta_10p00_drag_0p01000_nu_0p000250_seed_107_n_064_dt_0p0050
completed=439/540 run_id=beta_10p00_drag_0p01000_nu_0p000250_seed_131_n_064_dt_0p0050
completed=440/540 run_id=beta_10p00_drag_0p01000_nu_0p000250_seed_149_n_064_dt_0p0050
completed=441/540 run_id=beta_10p00_drag_0p01000_nu_0p000250_seed_167_n_064_dt_0p0050
completed=442/540 run_id=beta_10p00_drag_0p01000_nu_0p000250_seed_191_n_064_dt_0p0050
completed=443/540 run_id=beta_10p00_drag_0p01000_nu_0p000250_seed_211_n_064_dt_0p0050
completed=444/540 run_id=beta_10p00_drag_0p01000_nu_0p000250_seed_229_n_064_dt_0p0050
completed=445/540 run_id=beta_10p00_drag_0p01000_nu_0p000500_seed_011_n_064_dt_0p0050
completed=446/540 run_id=beta_10p00_drag_0p01000_nu_0p000500_seed_029_n_064_dt_0p0050
completed=447/540 run_id=beta_10p00_drag_0p01000_nu_0p000500_seed_047_n_064_dt_0p0050
completed=448/540 run_id=beta_10p00_drag_0p01000_nu_0p000500_seed_071_n_064_dt_0p0050
completed=449/540 run_id=beta_10p00_drag_0p01000_nu_0p000500_seed_089_n_064_dt_0p0050
completed=450/540 run_id=beta_10p00_drag_0p01000_nu_0p000500_seed_131_n_064_dt_0p0050
completed=451/540 run_id=beta_10p00_drag_0p01000_nu_0p000500_seed_107_n_064_dt_0p0050
completed=452/540 run_id=beta_10p00_drag_0p01000_nu_0p000500_seed_149_n_064_dt_0p0050
completed=453/540 run_id=beta_10p00_drag_0p01000_nu_0p000500_seed_167_n_064_dt_0p0050
completed=454/540 run_id=beta_10p00_drag_0p01000_nu_0p000500_seed_191_n_064_dt_0p0050
completed=455/540 run_id=beta_10p00_drag_0p01000_nu_0p000500_seed_211_n_064_dt_0p0050
completed=456/540 run_id=beta_10p00_drag_0p01000_nu_0p000500_seed_229_n_064_dt_0p0050
completed=457/540 run_id=beta_10p00_drag_0p01000_nu_0p001000_seed_011_n_064_dt_0p0050
completed=458/540 run_id=beta_10p00_drag_0p01000_nu_0p001000_seed_029_n_064_dt_0p0050
completed=459/540 run_id=beta_10p00_drag_0p01000_nu_0p001000_seed_047_n_064_dt_0p0050
completed=460/540 run_id=beta_10p00_drag_0p01000_nu_0p001000_seed_071_n_064_dt_0p0050
completed=461/540 run_id=beta_10p00_drag_0p01000_nu_0p001000_seed_089_n_064_dt_0p0050
completed=462/540 run_id=beta_10p00_drag_0p01000_nu_0p001000_seed_107_n_064_dt_0p0050
completed=463/540 run_id=beta_10p00_drag_0p01000_nu_0p001000_seed_131_n_064_dt_0p0050
completed=464/540 run_id=beta_10p00_drag_0p01000_nu_0p001000_seed_149_n_064_dt_0p0050
completed=465/540 run_id=beta_10p00_drag_0p01000_nu_0p001000_seed_167_n_064_dt_0p0050
completed=466/540 run_id=beta_10p00_drag_0p01000_nu_0p001000_seed_191_n_064_dt_0p0050
completed=467/540 run_id=beta_10p00_drag_0p01000_nu_0p001000_seed_211_n_064_dt_0p0050
completed=468/540 run_id=beta_10p00_drag_0p01000_nu_0p001000_seed_229_n_064_dt_0p0050
completed=469/540 run_id=beta_10p00_drag_0p02000_nu_0p000250_seed_011_n_064_dt_0p0050
completed=470/540 run_id=beta_10p00_drag_0p02000_nu_0p000250_seed_029_n_064_dt_0p0050
completed=471/540 run_id=beta_10p00_drag_0p02000_nu_0p000250_seed_047_n_064_dt_0p0050
completed=472/540 run_id=beta_10p00_drag_0p02000_nu_0p000250_seed_071_n_064_dt_0p0050
completed=473/540 run_id=beta_10p00_drag_0p02000_nu_0p000250_seed_089_n_064_dt_0p0050
completed=474/540 run_id=beta_10p00_drag_0p02000_nu_0p000250_seed_107_n_064_dt_0p0050
completed=475/540 run_id=beta_10p00_drag_0p02000_nu_0p000250_seed_149_n_064_dt_0p0050
completed=476/540 run_id=beta_10p00_drag_0p02000_nu_0p000250_seed_131_n_064_dt_0p0050
completed=477/540 run_id=beta_10p00_drag_0p02000_nu_0p000250_seed_167_n_064_dt_0p0050
completed=478/540 run_id=beta_10p00_drag_0p02000_nu_0p000250_seed_191_n_064_dt_0p0050
completed=479/540 run_id=beta_10p00_drag_0p02000_nu_0p000250_seed_211_n_064_dt_0p0050
completed=480/540 run_id=beta_10p00_drag_0p02000_nu_0p000250_seed_229_n_064_dt_0p0050
completed=481/540 run_id=beta_10p00_drag_0p02000_nu_0p000500_seed_011_n_064_dt_0p0050
completed=482/540 run_id=beta_10p00_drag_0p02000_nu_0p000500_seed_029_n_064_dt_0p0050
completed=483/540 run_id=beta_10p00_drag_0p02000_nu_0p000500_seed_047_n_064_dt_0p0050
completed=484/540 run_id=beta_10p00_drag_0p02000_nu_0p000500_seed_071_n_064_dt_0p0050
completed=485/540 run_id=beta_10p00_drag_0p02000_nu_0p000500_seed_089_n_064_dt_0p0050
completed=486/540 run_id=beta_10p00_drag_0p02000_nu_0p000500_seed_107_n_064_dt_0p0050
completed=487/540 run_id=beta_10p00_drag_0p02000_nu_0p000500_seed_131_n_064_dt_0p0050
completed=488/540 run_id=beta_10p00_drag_0p02000_nu_0p000500_seed_149_n_064_dt_0p0050
completed=489/540 run_id=beta_10p00_drag_0p02000_nu_0p000500_seed_167_n_064_dt_0p0050
completed=490/540 run_id=beta_10p00_drag_0p02000_nu_0p000500_seed_191_n_064_dt_0p0050
completed=491/540 run_id=beta_10p00_drag_0p02000_nu_0p000500_seed_211_n_064_dt_0p0050
completed=492/540 run_id=beta_10p00_drag_0p02000_nu_0p001000_seed_011_n_064_dt_0p0050
completed=493/540 run_id=beta_10p00_drag_0p02000_nu_0p000500_seed_229_n_064_dt_0p0050
completed=494/540 run_id=beta_10p00_drag_0p02000_nu_0p001000_seed_029_n_064_dt_0p0050
completed=495/540 run_id=beta_10p00_drag_0p02000_nu_0p001000_seed_047_n_064_dt_0p0050
completed=496/540 run_id=beta_10p00_drag_0p02000_nu_0p001000_seed_071_n_064_dt_0p0050
completed=497/540 run_id=beta_10p00_drag_0p02000_nu_0p001000_seed_089_n_064_dt_0p0050
completed=498/540 run_id=beta_10p00_drag_0p02000_nu_0p001000_seed_107_n_064_dt_0p0050
completed=499/540 run_id=beta_10p00_drag_0p02000_nu_0p001000_seed_131_n_064_dt_0p0050
completed=500/540 run_id=beta_10p00_drag_0p02000_nu_0p001000_seed_167_n_064_dt_0p0050
completed=501/540 run_id=beta_10p00_drag_0p02000_nu_0p001000_seed_149_n_064_dt_0p0050
completed=502/540 run_id=beta_10p00_drag_0p02000_nu_0p001000_seed_191_n_064_dt_0p0050
completed=503/540 run_id=beta_10p00_drag_0p02000_nu_0p001000_seed_211_n_064_dt_0p0050
completed=504/540 run_id=beta_10p00_drag_0p02000_nu_0p001000_seed_229_n_064_dt_0p0050
completed=505/540 run_id=beta_10p00_drag_0p05000_nu_0p000250_seed_011_n_064_dt_0p0050
completed=506/540 run_id=beta_10p00_drag_0p05000_nu_0p000250_seed_029_n_064_dt_0p0050
completed=507/540 run_id=beta_10p00_drag_0p05000_nu_0p000250_seed_047_n_064_dt_0p0050
completed=508/540 run_id=beta_10p00_drag_0p05000_nu_0p000250_seed_071_n_064_dt_0p0050
completed=509/540 run_id=beta_10p00_drag_0p05000_nu_0p000250_seed_089_n_064_dt_0p0050
completed=510/540 run_id=beta_10p00_drag_0p05000_nu_0p000250_seed_107_n_064_dt_0p0050
completed=511/540 run_id=beta_10p00_drag_0p05000_nu_0p000250_seed_131_n_064_dt_0p0050
completed=512/540 run_id=beta_10p00_drag_0p05000_nu_0p000250_seed_149_n_064_dt_0p0050
completed=513/540 run_id=beta_10p00_drag_0p05000_nu_0p000250_seed_167_n_064_dt_0p0050
completed=514/540 run_id=beta_10p00_drag_0p05000_nu_0p000250_seed_191_n_064_dt_0p0050
completed=515/540 run_id=beta_10p00_drag_0p05000_nu_0p000250_seed_211_n_064_dt_0p0050
completed=516/540 run_id=beta_10p00_drag_0p05000_nu_0p000250_seed_229_n_064_dt_0p0050
completed=517/540 run_id=beta_10p00_drag_0p05000_nu_0p000500_seed_011_n_064_dt_0p0050
completed=518/540 run_id=beta_10p00_drag_0p05000_nu_0p000500_seed_029_n_064_dt_0p0050
completed=519/540 run_id=beta_10p00_drag_0p05000_nu_0p000500_seed_047_n_064_dt_0p0050
completed=520/540 run_id=beta_10p00_drag_0p05000_nu_0p000500_seed_071_n_064_dt_0p0050
completed=521/540 run_id=beta_10p00_drag_0p05000_nu_0p000500_seed_089_n_064_dt_0p0050
completed=522/540 run_id=beta_10p00_drag_0p05000_nu_0p000500_seed_107_n_064_dt_0p0050
completed=523/540 run_id=beta_10p00_drag_0p05000_nu_0p000500_seed_131_n_064_dt_0p0050
completed=524/540 run_id=beta_10p00_drag_0p05000_nu_0p000500_seed_149_n_064_dt_0p0050
completed=525/540 run_id=beta_10p00_drag_0p05000_nu_0p000500_seed_167_n_064_dt_0p0050
completed=526/540 run_id=beta_10p00_drag_0p05000_nu_0p000500_seed_191_n_064_dt_0p0050
completed=527/540 run_id=beta_10p00_drag_0p05000_nu_0p000500_seed_211_n_064_dt_0p0050
completed=528/540 run_id=beta_10p00_drag_0p05000_nu_0p000500_seed_229_n_064_dt_0p0050
completed=529/540 run_id=beta_10p00_drag_0p05000_nu_0p001000_seed_011_n_064_dt_0p0050
completed=530/540 run_id=beta_10p00_drag_0p05000_nu_0p001000_seed_029_n_064_dt_0p0050
completed=531/540 run_id=beta_10p00_drag_0p05000_nu_0p001000_seed_047_n_064_dt_0p0050
completed=532/540 run_id=beta_10p00_drag_0p05000_nu_0p001000_seed_071_n_064_dt_0p0050
completed=533/540 run_id=beta_10p00_drag_0p05000_nu_0p001000_seed_089_n_064_dt_0p0050
completed=534/540 run_id=beta_10p00_drag_0p05000_nu_0p001000_seed_107_n_064_dt_0p0050
completed=535/540 run_id=beta_10p00_drag_0p05000_nu_0p001000_seed_131_n_064_dt_0p0050
completed=536/540 run_id=beta_10p00_drag_0p05000_nu_0p001000_seed_149_n_064_dt_0p0050
completed=537/540 run_id=beta_10p00_drag_0p05000_nu_0p001000_seed_167_n_064_dt_0p0050
completed=538/540 run_id=beta_10p00_drag_0p05000_nu_0p001000_seed_191_n_064_dt_0p0050
completed=539/540 run_id=beta_10p00_drag_0p05000_nu_0p001000_seed_211_n_064_dt_0p0050
completed=540/540 run_id=beta_10p00_drag_0p05000_nu_0p001000_seed_229_n_064_dt_0p0050
Wrote data/reproduction/beta_plane_sweep_results.json: decision=not_supported
profile=refinement total=48 resumed=0 pending=48 workers=8
completed=1/48 run_id=beta_00p00_drag_0p02000_nu_0p000500_seed_029_n_064_dt_0p0050
completed=2/48 run_id=beta_00p00_drag_0p02000_nu_0p000500_seed_011_n_064_dt_0p0050
completed=3/48 run_id=beta_00p00_drag_0p02000_nu_0p000500_seed_011_n_096_dt_0p0050
completed=4/48 run_id=beta_00p00_drag_0p02000_nu_0p000500_seed_029_n_096_dt_0p0050
completed=5/48 run_id=beta_00p00_drag_0p02000_nu_0p000500_seed_047_n_064_dt_0p0050
completed=6/48 run_id=beta_00p00_drag_0p02000_nu_0p000500_seed_011_n_064_dt_0p0025
completed=7/48 run_id=beta_00p00_drag_0p02000_nu_0p000500_seed_029_n_064_dt_0p0025
completed=8/48 run_id=beta_00p00_drag_0p02000_nu_0p000500_seed_047_n_064_dt_0p0025
completed=9/48 run_id=beta_00p00_drag_0p02000_nu_0p000500_seed_071_n_064_dt_0p0050
completed=10/48 run_id=beta_00p00_drag_0p02000_nu_0p000500_seed_029_n_096_dt_0p0025
completed=11/48 run_id=beta_00p00_drag_0p02000_nu_0p000500_seed_047_n_096_dt_0p0050
completed=12/48 run_id=beta_00p00_drag_0p02000_nu_0p000500_seed_011_n_096_dt_0p0025
completed=13/48 run_id=beta_00p00_drag_0p02000_nu_0p000500_seed_071_n_096_dt_0p0050
completed=14/48 run_id=beta_05p00_drag_0p02000_nu_0p000500_seed_011_n_064_dt_0p0050
completed=15/48 run_id=beta_00p00_drag_0p02000_nu_0p000500_seed_071_n_064_dt_0p0025
completed=16/48 run_id=beta_05p00_drag_0p02000_nu_0p000500_seed_029_n_064_dt_0p0050
completed=17/48 run_id=beta_00p00_drag_0p02000_nu_0p000500_seed_047_n_096_dt_0p0025
completed=18/48 run_id=beta_05p00_drag_0p02000_nu_0p000500_seed_011_n_096_dt_0p0050
completed=19/48 run_id=beta_05p00_drag_0p02000_nu_0p000500_seed_011_n_064_dt_0p0025
completed=20/48 run_id=beta_05p00_drag_0p02000_nu_0p000500_seed_029_n_096_dt_0p0050
completed=21/48 run_id=beta_05p00_drag_0p02000_nu_0p000500_seed_029_n_064_dt_0p0025
completed=22/48 run_id=beta_05p00_drag_0p02000_nu_0p000500_seed_047_n_064_dt_0p0050
completed=23/48 run_id=beta_00p00_drag_0p02000_nu_0p000500_seed_071_n_096_dt_0p0025
completed=24/48 run_id=beta_05p00_drag_0p02000_nu_0p000500_seed_011_n_096_dt_0p0025
completed=25/48 run_id=beta_05p00_drag_0p02000_nu_0p000500_seed_071_n_064_dt_0p0050
completed=26/48 run_id=beta_05p00_drag_0p02000_nu_0p000500_seed_047_n_096_dt_0p0050
completed=27/48 run_id=beta_05p00_drag_0p02000_nu_0p000500_seed_047_n_064_dt_0p0025
completed=28/48 run_id=beta_10p00_drag_0p02000_nu_0p000500_seed_011_n_064_dt_0p0050
completed=29/48 run_id=beta_05p00_drag_0p02000_nu_0p000500_seed_071_n_064_dt_0p0025
completed=30/48 run_id=beta_05p00_drag_0p02000_nu_0p000500_seed_071_n_096_dt_0p0050
completed=31/48 run_id=beta_05p00_drag_0p02000_nu_0p000500_seed_029_n_096_dt_0p0025
completed=32/48 run_id=beta_10p00_drag_0p02000_nu_0p000500_seed_011_n_096_dt_0p0050
completed=33/48 run_id=beta_10p00_drag_0p02000_nu_0p000500_seed_029_n_064_dt_0p0050
completed=34/48 run_id=beta_10p00_drag_0p02000_nu_0p000500_seed_011_n_064_dt_0p0025
completed=35/48 run_id=beta_05p00_drag_0p02000_nu_0p000500_seed_047_n_096_dt_0p0025
completed=36/48 run_id=beta_10p00_drag_0p02000_nu_0p000500_seed_029_n_096_dt_0p0050
completed=37/48 run_id=beta_10p00_drag_0p02000_nu_0p000500_seed_047_n_064_dt_0p0050
completed=38/48 run_id=beta_10p00_drag_0p02000_nu_0p000500_seed_029_n_064_dt_0p0025
completed=39/48 run_id=beta_05p00_drag_0p02000_nu_0p000500_seed_071_n_096_dt_0p0025
completed=40/48 run_id=beta_10p00_drag_0p02000_nu_0p000500_seed_047_n_096_dt_0p0050
completed=41/48 run_id=beta_10p00_drag_0p02000_nu_0p000500_seed_071_n_064_dt_0p0050
completed=42/48 run_id=beta_10p00_drag_0p02000_nu_0p000500_seed_047_n_064_dt_0p0025
completed=43/48 run_id=beta_10p00_drag_0p02000_nu_0p000500_seed_011_n_096_dt_0p0025
completed=44/48 run_id=beta_10p00_drag_0p02000_nu_0p000500_seed_071_n_096_dt_0p0050
completed=45/48 run_id=beta_10p00_drag_0p02000_nu_0p000500_seed_071_n_064_dt_0p0025
completed=46/48 run_id=beta_10p00_drag_0p02000_nu_0p000500_seed_029_n_096_dt_0p0025
completed=47/48 run_id=beta_10p00_drag_0p02000_nu_0p000500_seed_047_n_096_dt_0p0025
completed=48/48 run_id=beta_10p00_drag_0p02000_nu_0p000500_seed_071_n_096_dt_0p0025
Wrote data/reproduction/beta_plane_refinement_results.json: decision=refinement_complete
Wrote data/reproduction/beta_plane_control_results.json: controls_passed=True
